[08/22/26 17:35:56] info     ================= cer started =================
[08/22/26 17:35:56] info     C:\Program Files\Autodesk\AutoCAD 2027\cer.dll, 7.2.4+20251128.8f05bb68.927
[08/22/26 17:35:56] info     Setting key SP/SDK_VERSION, value 7.2.4+20251128.8f05bb68.927 (maxCount 1)
[08/22/26 17:35:56] info     Setting key SP/PRODUCT_NAME_HASH, value 9d6767a77b9d2cce90e03082e1302957689eeac5 (maxCount 1)
[08/22/26 17:35:56] info     Setting key SP/RUNTIME_ARCH, value 1 (maxCount 1)
[08/22/26 17:35:56] info     Set senddmp exe path to C:\Program Files\Autodesk\AutoCAD 2027\CER\senddmp.exe
[08/22/26 17:35:56] info     The cer_service exe C:\Program Files\Autodesk\AutoCAD 2027\CER\service\cer_service.exe is not in folder C:\Program Files\Autodesk\AutoCAD 2027\CER\, it's not a sandbox
[08/22/26 17:35:56] info     Set upi exe path to C:\Program Files\Autodesk\AutoCAD 2027\CER\upi.exe
[08/22/26 17:35:56] info     launching C:\Program Files\Autodesk\AutoCAD 2027\CER\upi.exe --cmd=get-device-id C:\Users\lucas\AppData\Local\Temp\EMXCoreConsole\fe44fde636424cda8ec61cf52c174c66\Temp\upi_deviceid2
[08/22/26 17:35:56] info     Set deviceID2 to CED7E4E8BC2D09B4D7A1E7B08BAEDCD39C48B4EBA8AD4BFA35E775A7F281D61D&17AC79BF0525FD12BC11FA64CD2B7C9085146CE395382CDB6ED65AAA924D10F2&D8B942D906D827B74E079011EFC24E70BDB155587298E00A0B15827046A3C9F1
[08/22/26 17:35:56] info     Setting key SP/DEVICEID2, value CED7E4E8BC2D09B4D7A1E7B08BAEDCD39C48B4EBA8AD4BFA35E775A7F281D61D&17AC79BF0525FD12BC11FA64CD2B7C9085146CE395382CDB6ED65AAA924D10F2&D8B942D906D827B74E079011EFC24E70BDB155587298E00A0B15827046A3C9F1 (maxCount 1)
[08/22/26 17:35:56] info     Setting key SP/UUID, value 9d6767a77b9d2cce90e03082e1302957689eeac5CED7E4E8BC2D09B4D7A1E7B08BAEDCD39C48B4EBA8AD4BFA35E775A7F281D61D&17AC79BF0525FD12BC11FA64CD2B7C9085146CE395382CDB6ED65AAA924D10F2&D8B942D906D827B74E079011EFC24E70BDB155587298E00A0B15827046A3C9F1 (maxCount 1)
[08/22/26 17:35:56] info     Set senddmp exe path to C:\Program Files\Autodesk\AutoCAD 2027\CER\senddmp.exe
[08/22/26 17:35:56] info     The cer_service exe C:\Program Files\Autodesk\AutoCAD 2027\CER\service\cer_service.exe is not in folder C:\Program Files\Autodesk\AutoCAD 2027\CER\, it's not a sandbox
[08/22/26 17:35:56] info     launching C:\Program Files\Autodesk\AutoCAD 2027\CER\upi.exe "C:\Program Files\Autodesk\AutoCAD 2027\Acade\en-US\UPI\upiconfig.xml" C:\Users\lucas\AppData\Local\Temp\EMXCoreConsole\fe44fde636424cda8ec61cf52c174c66\Temp\upi_info.xml
[08/22/26 17:35:56] info     Setting key SP/UPI_PRODUCT, value ACAD_E (maxCount 1)
[08/22/26 17:35:56] info     Setting key SP/UPI_RELEASE, value 2027 (maxCount 1)
[08/22/26 17:35:56] info     Setting key SP/UPI_MASTER, value {28B89EEF-A107-0409-2102-CF3F3A09B77D} (maxCount 1)
[08/22/26 17:35:56] info     Setting key SP/UPI_BUILD, value 24.0.60.0.0 (maxCount 1)
[08/22/26 17:35:56] info     Setting key SP/UPI_FULL_XML, value <?xml version="1.0"?><upipackage><upivalue version="1.0" type="product" requestingapp="true"><level name="productline" id="ACAD_E"><level name="release" id="2027"><level name="master" id="{28B89EEF-A107-0409-2102-CF3F3A09B77D}"><level name="build" id="24.0.60.0.0"/></level></level></level></upivalue>
<upivalue version="1.0" type="product"><level name="productline" id="ACD"><level name="release" id="2027"><level name="master" id="{28B89EEF-A101-0000-0102-CF3F3A09B77D}"><level name="build" id="26.0.118.0.0"/></level></level></level></upivalue>
<upivalue version="1.0" type="product"><level name="productline" id="ARCHDESK"><level name="release" id="2027"><level name="master" id="{28B89EEE-A104-0000-5102-CF3F3A09B77D}"><level name="build" id="8.9.46.0"/></level></level></level></upivalue>
<upivalue version="1.0" type="product"><level name="productline" id="ACAD_E"><level name="release" id="2027"><level name="master" id="{28B89EEF-A107-0409-1102-CF3F3A09B77D}"><level name="build" id="24.0.55.0.0"/></level></level></level></upivalue>
<upivalue version="1.0" type="product"><level name="productline" id="ACAD_E"><level name="release" id="2027"><level name="master" id="{28B89EEF-A107-0000-0102-CF3F3A09B77D}"><level name="build" id="24.0.60.0.0"/></level></level></level></upivalue>
<upivalue version="1.0" type="product"><level name="productline" id="ACD"><level name="release" id="2027"><level name="master" id="{28B89EEF-A101-0409-1102-CF3F3A09B77D}"><level name="build" id="26.0.118.0.0"/></level></level></level></upivalue>
<upi_error>Error loading C:\Program Files\Autodesk\Content Migration Utility for AutoCAD Electrical\en-US\UPI\upiconfig.xml</upi_error><upi_error>Error loading C:\Program Files\Autodesk\Content Migration Utility for AutoCAD Electrical\UPI\upiconfig.xml</upi_error></upipackage> (maxCount 1)
[08/22/26 17:35:56] info     set legacy options: /APPXML "<AppInformation name=\"Autodesk AutoCAD Electrical\" version=\"24.0.60.0\" />"
[08/22/26 17:35:56] info     Setting key RP/AppXML, value <AppInformation name="Autodesk AutoCAD Electrical" version="24.0.60.0" /> (maxCount 100)
[08/22/26 17:35:56] info     Setting key RP/CadSettingsRegPath, value Software\Autodesk\AutoCAD\R26.0\ACAD-A107:409\CadManagerControl\CustomerErrorReport (maxCount 1)
[08/22/26 17:35:56] info     Setting key RP/AppLocaleId, value 1033 (maxCount 1)
[08/22/26 17:35:56] info     Setting key RP/AppXML, value <ProductInformation name ="AutoCAD" build_version="X.118.0.0(x64)" registry_version="26.0" install_id_string="ACE_EMX_fe44fde636424cda8ec61cf52c174c66" registry_localeID="1033" git_commit_id="2c19eb970fc25f5e380f0bd3736f8ba9103aade4" /> (maxCount 100)
[08/22/26 17:35:56] info     Setting key SP/THEME_TYPE, value Blue (maxCount 1)
[08/22/26 17:35:56] info     Setting key SP/EXCEPTION_INFO_POINTER, value 140707963766040 (maxCount 1)
[08/22/26 17:35:56] info     Setting key SP/THREAD_ID, value 4294967295 (maxCount 1)
[08/22/26 17:35:56] info     Get key SP/THREAD_ID, index 0: "4294967295"
[08/22/26 17:35:56] info     Setting key SP/WER, value 0 (maxCount 1)
[08/22/26 17:35:56] info     Get key SP/WER, index 0: "0"
[08/22/26 17:35:56] info     Registered C:\Program Files\Autodesk\AutoCAD 2027\cer.dll as WER runtime exception module
[08/22/26 17:35:56] info     Current ErrorMode is 32769
[08/22/26 17:35:56] debug    Receiver ping: pong
